2025-10-02 16:59:20,925 - httpx - INFO - HTTP Request: GET http://localhost:10001/.well-known/agent-card.json "HTTP/1.1 200 OK"
2025-10-02 16:59:20,926 - a2a.client.card_resolver - INFO - Successfully fetched agent card data from http://localhost:10001/.well-known/agent-card.json: {'capabilities': {'pushNotifications': True, 'streaming': True}, 'defaultInputModes': ['text', 'text/plain'], 'defaultOutputModes': ['text', 'text/plain'], 'description': 'Specialized agent for construction material procurement and supplier negotiation with cost optimization', 'name': 'Construction Purchase Agent', 'preferredTransport': 'JSONRPC', 'protocolVersion': '0.3.0', 'skills': [{'description': 'Optimizes procurement of cement and steel for construction projects', 'examples': ['I need 1000 tons of cement and 100 tons of steel within $130k budget', 'Evaluate this supplier quote for cement delivery', 'What is the best procurement strategy for this project?'], 'id': 'construction_procurement', 'name': 'Construction Material Procurement', 'tags': ['procurement', 'construction', 'cost optimization', 'materials']}, {'description': 'Negotiates with suppliers to achieve optimal pricing within budget constraints', 'examples': ['Negotiate better terms with cement supplier', 'Counter-offer on steel pricing quote', 'Finalize contract with selected supplier'], 'id': 'supplier_negotiation', 'name': 'Supplier Negotiation', 'tags': ['negotiation', 'suppliers', 'pricing', 'contracts']}], 'url': 'http://localhost:10001/', 'version': '1.0.0'}
2025-10-02 16:59:20,926 - __main__ - INFO - [purchase] CONNECTED: Agent connected: Construction Purchase Agent...
2025-10-02 16:59:20,966 - httpx - INFO - HTTP Request: GET http://localhost:10002/.well-known/agent-card.json "HTTP/1.1 200 OK"
2025-10-02 16:59:20,967 - a2a.client.card_resolver - INFO - Successfully fetched agent card data from http://localhost:10002/.well-known/agent-card.json: {'capabilities': {'pushNotifications': True, 'streaming': True}, 'defaultInputModes': ['text', 'text/plain'], 'defaultOutputModes': ['text', 'text/plain'], 'description': 'Specialized agent for cement sales with profit maximization and competitive pricing strategies', 'name': 'Cement Sales Agent', 'preferredTransport': 'JSONRPC', 'protocolVersion': '0.3.0', 'skills': [{'description': 'Generates competitive cement quotes with profit optimization', 'examples': ['Quote 1000 tons of cement for construction project', 'Calculate pricing for bulk cement delivery', 'Provide competitive cement quote with delivery terms'], 'id': 'cement_pricing', 'name': 'Cement Pricing & Quotes', 'tags': ['cement', 'pricing', 'quotes', 'profit optimization']}, {'description': 'Negotiates cement sales while maintaining profit margins', 'examples': ['Evaluate counter-offer on cement pricing', 'Negotiate better terms while maintaining 25% margin', 'Finalize cement supply contract'], 'id': 'cement_negotiation', 'name': 'Cement Sales Negotiation', 'tags': ['negotiation', 'sales', 'margins', 'contracts']}], 'url': 'http://localhost:10002/', 'version': '1.0.0'}
2025-10-02 16:59:20,967 - __main__ - INFO - [cement] CONNECTED: Agent connected: Cement Sales Agent...
2025-10-02 16:59:21,009 - httpx - INFO - HTTP Request: GET http://localhost:10003/.well-known/agent-card.json "HTTP/1.1 200 OK"
2025-10-02 16:59:21,010 - a2a.client.card_resolver - INFO - Successfully fetched agent card data from http://localhost:10003/.well-known/agent-card.json: {'capabilities': {'pushNotifications': True, 'streaming': True}, 'defaultInputModes': ['text', 'text/plain'], 'defaultOutputModes': ['text', 'text/plain'], 'description': 'Specialized agent for premium steel sales with profit maximization and quality-focused pricing strategies', 'name': 'Steel Sales Agent', 'preferredTransport': 'JSONRPC', 'protocolVersion': '0.3.0', 'skills': [{'description': 'Generates competitive premium steel quotes with profit optimization', 'examples': ['Quote 100 tons of premium steel for construction project', 'Calculate pricing for Grade A steel delivery', 'Provide competitive steel quote with quality specifications'], 'id': 'steel_pricing', 'name': 'Premium Steel Pricing & Quotes', 'tags': ['steel', 'premium', 'pricing', 'quotes', 'profit optimization']}, {'description': 'Negotiates premium steel sales while maintaining higher profit margins', 'examples': ['Evaluate counter-offer on premium steel pricing', 'Negotiate better terms while maintaining 30% margin', 'Finalize premium steel supply contract'], 'id': 'steel_negotiation', 'name': 'Steel Sales Negotiation', 'tags': ['negotiation', 'premium steel', 'margins', 'contracts']}], 'url': 'http://localhost:10003/', 'version': '1.0.0'}
2025-10-02 16:59:21,010 - __main__ - INFO - [steel] CONNECTED: Agent connected: Steel Sales Agent...
2025-10-02 16:59:21,010 - __main__ - INFO - [purchase] REQUEST: 
    PROCUREMENT REQUEST:
    - Project: Downtown Construction Complex
    - Cement: 1000 tons, Grad...
2025-10-02 17:00:49,104 - httpx - INFO - HTTP Request: POST http://localhost:10001/ "HTTP/1.1 200 OK"
2025-10-02 17:00:49,106 - __main__ - INFO - [purchase] RESPONSE: Unable to process procurement request. Please provide material requirements and budget....
2025-10-02 17:00:49,106 - __main__ - INFO - [cement] REQUEST: 
    CEMENT QUOTE REQUEST:
    - Quantity: 1000 tons
    - Grade: 42.5 OPC
    - Delivery: Downtown ...
2025-10-02 17:02:00,981 - httpx - INFO - HTTP Request: POST http://localhost:10002/ "HTTP/1.1 200 OK"
2025-10-02 17:02:00,982 - __main__ - INFO - [cement] RESPONSE: Unable to process cement quote request. Please provide quantity and delivery requirements....
2025-10-02 17:02:00,982 - __main__ - INFO - [steel] REQUEST: 
    STEEL QUOTE REQUEST:
    - Quantity: 100 tons
    - Grade: A (mix of rebar and structural steel...
2025-10-02 17:03:15,001 - httpx - INFO - HTTP Request: POST http://localhost:10003/ "HTTP/1.1 200 OK"
2025-10-02 17:03:15,002 - __main__ - INFO - [steel] RESPONSE: Unable to process steel quote request. Please provide steel grade, quantity and delivery requirement...
2025-10-02 17:03:15,002 - __main__ - INFO - [cement] REQUEST: 
    NEGOTIATION - CEMENT SUPPLIER:
    Based on your quote, I need to negotiate:
    - Can you redu...
2025-10-02 17:03:24,500 - httpx - INFO - HTTP Request: POST http://localhost:10002/ "HTTP/1.1 200 OK"
2025-10-02 17:03:24,501 - __main__ - INFO - [cement] RESPONSE: Unable to process cement quote request. Please provide quantity and delivery requirements....
2025-10-02 17:03:24,501 - __main__ - INFO - [steel] REQUEST: 
    NEGOTIATION - STEEL SUPPLIER:
    Based on your quote, I need to negotiate:
    - Can you provi...
2025-10-02 17:03:33,424 - httpx - INFO - HTTP Request: POST http://localhost:10003/ "HTTP/1.1 200 OK"
2025-10-02 17:03:33,425 - __main__ - INFO - [steel] RESPONSE: Unable to process steel quote request. Please provide steel grade, quantity and delivery requirement...
2025-10-02 17:03:33,425 - __main__ - INFO - [cement] REQUEST: 
    CONTRACT FINALIZATION - CEMENT:
    Please confirm final terms:
    - Quantity: 1000 tons Grade...
2025-10-02 17:03:43,646 - httpx - INFO - HTTP Request: POST http://localhost:10002/ "HTTP/1.1 200 OK"
2025-10-02 17:03:43,647 - __main__ - INFO - [cement] RESPONSE: Unable to process cement quote request. Please provide quantity and delivery requirements....
2025-10-02 17:03:43,647 - __main__ - INFO - [steel] REQUEST: 
    CONTRACT FINALIZATION - STEEL:
    Please confirm final terms:
    - Quantity: 100 tons Grade A...
2025-10-02 17:03:49,997 - httpx - INFO - HTTP Request: POST http://localhost:10003/ "HTTP/1.1 200 OK"
2025-10-02 17:03:49,998 - __main__ - INFO - [steel] RESPONSE: Unable to process steel quote request. Please provide steel grade, quantity and delivery requirement...
2025-10-02 17:03:52,001 - __main__ - INFO - [purchase] REQUEST: 
    PROCUREMENT REQUEST - TIGHT BUDGET:
    - Project: Budget Construction Project
    - Cement: 80...
2025-10-02 17:04:13,517 - httpx - INFO - HTTP Request: POST http://localhost:10001/ "HTTP/1.1 200 OK"
2025-10-02 17:04:13,518 - __main__ - INFO - [purchase] RESPONSE: Unable to process procurement request. Please provide material requirements and budget....
2025-10-02 17:04:13,527 - __main__ - INFO - [cement] REQUEST: 
    CEMENT QUOTE - TIGHT BUDGET:
    - Quantity: 800 tons Grade 42.5
    - Delivery: Remote site wi...
2025-10-02 17:04:23,993 - httpx - INFO - HTTP Request: POST http://localhost:10002/ "HTTP/1.1 200 OK"
2025-10-02 17:04:23,994 - __main__ - INFO - [cement] RESPONSE: Unable to process cement quote request. Please provide quantity and delivery requirements....
2025-10-02 17:04:23,994 - __main__ - INFO - [steel] REQUEST: 
    STEEL QUOTE - TIGHT BUDGET:
    - Quantity: 80 tons Grade A
    - Delivery: Remote site within ...
2025-10-02 17:04:32,000 - httpx - INFO - HTTP Request: POST http://localhost:10003/ "HTTP/1.1 200 OK"
2025-10-02 17:04:32,000 - __main__ - INFO - [steel] RESPONSE: Unable to process steel quote request. Please provide steel grade, quantity and delivery requirement...
2025-10-02 17:04:32,000 - __main__ - INFO - [cement] REQUEST: 
    FINAL CEMENT NEGOTIATION:
    Your quote is too high. I need:
    - 25% reduction from your quo...
2025-10-02 17:04:43,891 - httpx - INFO - HTTP Request: POST http://localhost:10002/ "HTTP/1.1 200 OK"
2025-10-02 17:04:43,892 - __main__ - INFO - [cement] RESPONSE: Unable to process cement quote request. Please provide quantity and delivery requirements....
2025-10-02 17:04:43,900 - __main__ - INFO - [steel] REQUEST: 
    FINAL STEEL NEGOTIATION:
    Your pricing doesn't work. I need:
    - 30% discount from quoted ...
2025-10-02 17:04:54,985 - httpx - INFO - HTTP Request: POST http://localhost:10003/ "HTTP/1.1 200 OK"
2025-10-02 17:04:54,986 - __main__ - INFO - [steel] RESPONSE: Unable to process steel quote request. Please provide steel grade, quantity and delivery requirement...
