2025-10-04 09:46:23,802 - __main__ - INFO - [SYSTEM → purchase] REGISTERED: AgentCore agent registered: arn:aws:bedrock-agentcore:us-east-1:910673207244:runtime/construction_pu...
2025-10-04 09:46:23,802 - __main__ - INFO - [SYSTEM → cement] REGISTERED: AgentCore agent registered: arn:aws:bedrock-agentcore:us-east-1:910673207244:runtime/construction_ce...
2025-10-04 09:46:23,803 - __main__ - INFO - [SYSTEM → steel] REGISTERED: AgentCore agent registered: arn:aws:bedrock-agentcore:us-east-1:910673207244:runtime/construction_st...
2025-10-04 09:46:23,803 - __main__ - INFO - [CLIENT → purchase] REQUEST: 
PROCUREMENT REQUEST - Downtown Construction Complex

CEMENT REQUIREMENTS:
- Quantity: 1000 tons
- G...
2025-10-04 09:46:23,803 - __main__ - INFO - [REASONING] Client initiating procurement process with AgentCore purchase agent. Agent needs to analyze requirem...
2025-10-04 09:46:23,810 - botocore.tokens - INFO - Loading cached SSO token for rksso
2025-10-04 09:46:25,349 - botocore.tokens - INFO - SSO Token refresh succeeded
2025-10-04 09:46:28,248 - __main__ - INFO - [purchase → CLIENT] ERROR: Error communicating with purchase: An error occurred (RuntimeClientError) when calling the InvokeAge...
2025-10-04 09:46:28,249 - __main__ - INFO - [PURCHASE → cement] REQUEST: 
RFP - CEMENT SUPPLY CONTRACT

PROJECT DETAILS:
- Project Name: Downtown Construction Complex
- Ceme...
2025-10-04 09:46:28,249 - __main__ - INFO - [REASONING] Formatted RFP for cement AgentCore agent with all necessary project details and specifications....
2025-10-04 09:46:29,139 - __main__ - INFO - [cement → PURCHASE] ERROR: Error communicating with cement: An error occurred (RuntimeClientError) when calling the InvokeAgent...
2025-10-04 09:46:29,139 - __main__ - INFO - [PURCHASE → steel] REQUEST: 
RFP - STEEL SUPPLY CONTRACT

PROJECT DETAILS:
- Project Name: Downtown Construction Complex
- Steel...
2025-10-04 09:46:29,139 - __main__ - INFO - [REASONING] Formatted RFP for steel AgentCore agent with all necessary project details and specifications....
2025-10-04 09:46:29,848 - __main__ - INFO - [steel → PURCHASE] ERROR: Error communicating with steel: An error occurred (RuntimeClientError) when calling the InvokeAgentR...
2025-10-04 09:46:37,856 - __main__ - INFO - [PURCHASE → cement] REQUEST: 
CONTRACT FINALIZATION - CEMENT SUPPLIER

FINAL AGREED TERMS:

- Quantity: 1000 tons 42.5 OPC
- Budg...
2025-10-04 09:46:37,856 - __main__ - INFO - [REASONING] Finalizing contract with cement supplier. All negotiation cycles completed. Moving to contract accep...
2025-10-04 09:46:38,566 - __main__ - INFO - [cement → PURCHASE] ERROR: Error communicating with cement: An error occurred (RuntimeClientError) when calling the InvokeAgent...
2025-10-04 09:46:38,566 - __main__ - INFO - [PURCHASE → steel] REQUEST: 
CONTRACT FINALIZATION - STEEL SUPPLIER

FINAL AGREED TERMS:

- Quantity: 100 tons Grade A
- Types: ...
2025-10-04 09:46:38,566 - __main__ - INFO - [REASONING] Finalizing contract with steel supplier. All negotiation cycles completed. Moving to contract accept...
2025-10-04 09:46:39,340 - __main__ - INFO - [steel → PURCHASE] ERROR: Error communicating with steel: An error occurred (RuntimeClientError) when calling the InvokeAgentR...
2025-10-04 09:46:39,340 - __main__ - INFO - [SYSTEM → CONTRACT] SAVED: Final AgentCore contract saved to logs/agentcore_contract_20251004_094623.json...
